Renesas Optimizing Linker (V2.07.00 )             10-Aug-2021 15:17:55

*** Options ***

-subcommand=DefaultBuild\ICON.clnk
-input=DefaultBuild\boot.obj
-input=DefaultBuild\cstart.obj
-input=DefaultBuild\main.obj
-input=DefaultBuild\r_cg_main.obj
-input=DefaultBuild\r_cg_systeminit.obj
-input=DefaultBuild\r_cg_cgc.obj
-input=DefaultBuild\r_cg_cgc_user.obj
-input=DefaultBuild\r_cg_uart.obj
-input=DefaultBuild\r_cg_uart_user.obj
-input=DefaultBuild\r_cg_riic.obj
-input=DefaultBuild\r_cg_riic_user.obj
-input=DefaultBuild\r_cg_taub.obj
-input=DefaultBuild\r_cg_taub_user.obj
-input=DefaultBuild\r_cg_port.obj
-input=DefaultBuild\r_cg_port_user.obj
-input=DefaultBuild\r_cg_intvector.obj
-input=DefaultBuild\r_cg_adc.obj
-input=DefaultBuild\r_cg_adc_user.obj
-input=DefaultBuild\r_cg_ostm.obj
-input=DefaultBuild\r_cg_ostm_user.obj
-input=DefaultBuild\r_cg_can.obj
-input=DefaultBuild\r_cg_stbc.obj
-input=DefaultBuild\r_cg_stbc_user.obj
-input=DefaultBuild\r_rh850_can_drv.obj
-debug
-nocompress
-output=DefaultBuild\ICON.abs
-library=v850e3v5\rhf4n.lib
-library=v850e3v5\libmalloc.lib
-list=DefaultBuild\ICON.map
-start=RESET,EIINTTBL/0,.const,.INIT_DSEC.const,.INIT_BSEC.const,.text,.data/00008000,.data.R,.bss,.stack.bss/FEDE8000
-rom=.data=.data.R
-memory=high
-nologo
-end

*** Error information ***

W0561120:Section address is not assigned to "RETENTION_RAM.bss"
W0561120:Section address is not assigned to "RETENTION_RAM.data"
W0561120:Section address is not assigned to "EIINTTBL.const"

*** Mapping List ***

SECTION                            START      END         SIZE   ALIGN
RESET
                                  00000000  000001f7       1f8   200
EIINTTBL
                                  00000200  000009ff       800   200
.const
                                  00008000  0000816b       16c   4
.INIT_DSEC.const
                                  0000816c  00008177         c   4
.INIT_BSEC.const
                                  00008178  0000817f         8   4
.text
                                  00008180  0000ae9b      2d1c   2
.data
                                  0000ae9c  0000aebe        23   4
.data.R
                                  fede8000  fede8022        23   4
.bss
                                  fede8024  fede805f        3c   4
.stack.bss
                                  fede8060  fede825f       200   4
RETENTION_RAM.bss
                                  fede8260  fede8260         0   4
RETENTION_RAM.data
                                  fede8260  fede8277        18   4
EIINTTBL.const
                                  fede8278  fede880f       598   4
